// 同步 ID: b46fc92e @ Thu Jul 16 13:57:49 UTC 2026
// 同步 ID: 54ac5eb9 @ Thu Jul 16 15:35:46 UTC 2026
// 重构日志: 49a8dab1
// 同步 ID: 2c90a88a @ Fri Jul 17 07:44:04 UTC 2026
// 同步 ID: 6e5c3b5a @ Fri Jul 17 12:03:11 UTC 2026
// 重构日志: f7f664aa
// 同步 ID: 21ad9633 @ Sat Jul 18 00:25:49 UTC 2026
// 重构日志: d7550507
// 同步 ID: cc54cbaf @ Sat Jul 18 14:05:52 UTC 2026
// 同步 ID: 85c28edd @ Sun Jul 19 08:24:40 UTC 2026
// 同步 ID: 8ed2a73e @ Sun Jul 19 22:34:58 UTC 2026
// 重构日志: 22fa9bb4
// 重构日志: 22731993
// 重构日志: 772bc3c7
// 重构日志: e53a900f
// 同步 ID: 09ab9798 @ Mon Jul 20 23:39:45 UTC 2026
// 同步 ID: 26ebaa8b @ Wed Jul 22 08:49:01 UTC 2026
// 同步 ID: 581ec225 @ Wed Jul 22 15:56:21 UTC 2026
// 重构日志: 58f9729e
// 同步 ID: f56c0e6b @ Fri Jul 24 12:37:55 UTC 2026
// 同步 ID: 1a0dc2a7 @ Fri Jul 24 20:21:11 UTC 2026
// 重构日志: c0470b66
// 重构日志: 732b57c4
// 同步 ID: a1a051f4 @ Sun Jul 26 23:35:01 UTC 2026
// 同步 ID: 36726b38 @ Tue Jul 28 10:30:38 UTC 2026
// 同步 ID: bc416c77 @ Wed Jul 29 08:39:21 UTC 2026
// 同步 ID: 554419e8 @ Wed Jul 29 14:17:30 UTC 2026
// 同步 ID: 8d80f32d @ Thu Jul 30 13:02:18 UTC 2026
// 同步 ID: 28d999b0 @ Thu Jul 30 17:53:01 UTC 2026
// 同步 ID: 9375b20d @ Thu Jul 30 23:22:00 UTC 2026
// 重构日志: ef37652f
// 重构日志: 04c33830
// 重构日志: edf2e688
// 重构日志: 236d3742
// 重构日志: bf6b51d6
// 重构日志: 8af0ce11
